[www.heise.de/tp/features/Krebstherapie-mit-Antimaterie-3408718.html]
[backblue.gif]
[fade.gif]
[index.html]
[www.heise.de/tp/features/Krebstherapie-mit-Antimaterie-3408718ffd2.html]
[www.heise.de/tp/features/Krebstherapie-mit-Antimaterie-3408718aa88.html]
[www.heise.de/tp/features/Telepolis-Kaffee-3703575.html]
[www.heise.de/tp/features/Einwanderung-als-Wunderwaffe-gegen-den-demographischen-Wandel-und-fuer-abgehaengte-Regionen-4780464.html]
[www.heise.de/tp/features/Bandenkrieg-in-Dijon-Alter-Senf-in-der-neuen-Normalitaet-4786715.html]
[www.heise.de/tp/features/Studie-belegt-Zweifel-ob-sich-eine-laenger-anhaltende-Immunitaet-nach-einer-Covid-19-Infektion-4789059.html]
[www.heise.de/tp/features/Covid-19-und-Vitamin-D-4787490.html]
[www.heise.de/tp/features/Wie-man-eine-Statue-mit-Zuhilfenahme-der-Wissenschaft-umstuerzt-4788823.html]
[www.heise.de/tp/features/Auch-Billionen-werden-die-schlimmste-Rezession-des-Jahrhunderts-nicht-verhindern-4783292.html]
[www.heise.de/tp/features/CIA-Spanischer-Sozialdemokrat-Gonzalez-war-Senor-X-der-Todesschwadronen-4784545.html]
[www.heise.de/tp/features/Droht-nach-der-Corona-Panik-die-Fake-News-Paranoia-4784776.html]
[www.heise.de/tp/features/Amerikaner-sind-zunehmend-ungluecklich-Beliebtheitswerte-von-Trump-sind-im-Keller-4785976.html]
[www.heise.de/tp/features/Nicht-Fake-News-sondern-verwirrende-Aeusserungen-der-Regierung-sind-das-groessere-Problem-4783289.html]
[www.heise.de/tp/features/Krebstherapie-mit-Antimaterie-3408718.html]
[www.heise.de/tp/features/Krebstherapie-mit-Antimaterie-3408718ffd2.html]
[www.heise.de/tp/features/Krebstherapie-mit-Antimaterie-3408718aa88.html]
[www.heise.de/tp/features/Telepolis-Kaffee-3703575ffd2.html]
[www.heise.de/tp/features/Telepolis-Kaffee-3703575aa88.html]
[www.heise.de/tp/features/Telepolis-Kaffee-3703575.html]
[www.heise.de/tp/features/Einwanderung-als-Wunderwaffe-gegen-den-demographischen-Wandel-und-fuer-abgehaengte-Regionen-47804645558.html]
[www.heise.de/tp/features/Einwanderung-als-Wunderwaffe-gegen-den-demographischen-Wandel-und-fuer-abgehaengte-Regionen-4780464210a.html]
[www.heise.de/tp/features/Einwanderung-als-Wunderwaffe-gegen-den-demographischen-Wandel-und-fuer-abgehaengte-Regionen-47804644f7d.html]
[www.heise.de/tp/features/Einwanderung-als-Wunderwaffe-gegen-den-demographischen-Wandel-und-fuer-abgehaengte-Regionen-47804649815.html]
[www.heise.de/tp/features/Landlust-und-Landflucht-4603662.html]
[www.heise.de/tp/features/Einwanderung-als-Wunderwaffe-gegen-den-demographischen-Wandel-und-fuer-abgehaengte-Regionen-47804647dbb.html]
[www.heise.de/tp/features/Einwanderung-als-Wunderwaffe-gegen-den-demographischen-Wandel-und-fuer-abgehaengte-Regionen-4780464aa88.html]
[www.heise.de/tp/features/Einwanderung-als-Wunderwaffe-gegen-den-demographischen-Wandel-und-fuer-abgehaengte-Regionen-4780464.html]
[www.heise.de/tp/features/Frankreich-Protest-gegen-Rassismus-und-Ungerechtigkeit-4782698bde5.html]
[www.heise.de/tp/features/Bandenkrieg-in-Dijon-Alter-Senf-in-der-neuen-Normalitaet-4786715aa88.html]
[www.heise.de/tp/features/Bandenkrieg-in-Dijon-Alter-Senf-in-der-neuen-Normalitaet-4786715.html]
[www.heise.de/tp/features/Spahn-stellt-den-geplanten-Immunitaetsausweis-zurueck-4714459.html]
[www.heise.de/tp/features/Studie-belegt-Zweifel-ob-sich-eine-laenger-anhaltende-Immunitaet-nach-einer-Covid-19-Infektion-4789059aa88.html]
[www.heise.de/tp/features/Studie-belegt-Zweifel-ob-sich-eine-laenger-anhaltende-Immunitaet-nach-einer-Covid-19-Infektion-4789059.html]
[www.heise.de/tp/features/Covid-19-und-Vitamin-D-4787490aa88.html]
[www.heise.de/tp/features/Covid-19-und-Vitamin-D-4787490.html]
[www.heise.de/tp/features/Black-Lives-Matter-Proteste-spuelen-Grossbritanniens-Kolonialgeschichte-hoch-4780484.html]
[www.heise.de/tp/features/Wie-man-eine-Statue-mit-Zuhilfenahme-der-Wissenschaft-umstuerzt-4788823aa88.html]
[www.heise.de/tp/features/Wie-man-eine-Statue-mit-Zuhilfenahme-der-Wissenschaft-umstuerzt-4788823.html]
[www.heise.de/tp/features/Auch-Billionen-werden-die-schlimmste-Rezession-des-Jahrhunderts-nicht-verhindern-47832925558.html]
[www.heise.de/tp/features/Auch-Billionen-werden-die-schlimmste-Rezession-des-Jahrhunderts-nicht-verhindern-47832929815.html]
[www.heise.de/tp/features/OECD-raeumt-ein-Mit-der-Weltwirtschaft-geht-es-nun-bergab-4673604.html]
[www.heise.de/tp/features/Tausende-Tote-zu-spaet-reduziert-Spanien-Aktivitaeten-auf-die-Basisversorgung-4692760.html]
[www.heise.de/tp/features/Coronavirus-sorgt-fuer-immer-heftigere-Crashs-an-den-Boersen-4684123.html]
[www.heise.de/tp/features/Schlechte-Nachrichten-fuer-Trump-Hydroxychloroquin-taugt-nicht-viel-4782683.html]
[www.heise.de/tp/features/Zum-Glueck-bleibt-uns-Portugal-4713545.html]
[www.heise.de/tp/features/Dreifache-Zahl-der-Coronavirus-Toten-in-Italien-4710058.html]
[www.heise.de/tp/features/Umgang-mit-Pflegebeduerftigen-in-Madrider-Altenheimen-An-der-Grenze-zur-Euthanasie-4779374.html]
[www.heise.de/tp/features/Covid-19-Nichts-waere-schlimmer-als-den-Sieg-zu-verkuenden-bevor-er-errungen-ist-4693364.html]
[www.heise.de/tp/features/Wenn-die-Europaeische-Zentralbank-freihaendig-jongliert-4687464.html]
[www.heise.de/tp/features/Auch-Billionen-werden-die-schlimmste-Rezession-des-Jahrhunderts-nicht-verhindern-4783292aa88.html]
[www.heise.de/tp/features/Auch-Billionen-werden-die-schlimmste-Rezession-des-Jahrhunderts-nicht-verhindern-4783292.html]
[www.heise.de/tp/features/Die-baskische-ETA-ist-nun-Geschichte-4041140.html]
[www.heise.de/tp/features/Terrorbekaempfung-auf-sozialistisch-3434499.html]
[www.heise.de/tp/features/CIA-Spanischer-Sozialdemokrat-Gonzalez-war-Senor-X-der-Todesschwadronen-4784545aa88.html]
[www.heise.de/tp/features/CIA-Spanischer-Sozialdemokrat-Gonzalez-war-Senor-X-der-Todesschwadronen-4784545.html]
[www.heise.de/tp/features/Droht-nach-der-Corona-Panik-die-Fake-News-Paranoia-4784776aa88.html]
[www.heise.de/tp/features/Droht-nach-der-Corona-Panik-die-Fake-News-Paranoia-4784776.html]
[www.heise.de/tp/features/Amerikaner-sind-zunehmend-ungluecklich-Beliebtheitswerte-von-Trump-sind-im-Keller-4785976aa88.html]
[www.heise.de/tp/features/Amerikaner-sind-zunehmend-ungluecklich-Beliebtheitswerte-von-Trump-sind-im-Keller-4785976.html]
[www.heise.de/tp/features/Soziale-Unruhen-oder-Massenmigration-nach-der-Covid-19-Pandemie-4782896.html]
[www.heise.de/tp/features/Wer-die-Bekaempfung-von-Fake-News-finanziert-4768361.html]
[www.heise.de/tp/features/Nicht-Fake-News-sondern-verwirrende-Aeusserungen-der-Regierung-sind-das-groessere-Problem-4783289aa88.html]
[www.heise.de/tp/features/Nicht-Fake-News-sondern-verwirrende-Aeusserungen-der-Regierung-sind-das-groessere-Problem-4783289.html]
[www.heise.de/tp/features/Telepolis-Kaffee-3703575ffd2.html]
[www.heise.de/tp/features/Telepolis-Kaffee-3703575aa88.html]
[www.heise.de/tp/features/Einwanderung-als-Wunderwaffe-gegen-den-demographischen-Wandel-und-fuer-abgehaengte-Regionen-4780464ffd2.html]
[www.heise.de/tp/features/Einwanderung-als-Wunderwaffe-gegen-den-demographischen-Wandel-und-fuer-abgehaengte-Regionen-47804645558.html]
[www.heise.de/tp/features/Einwanderung-als-Wunderwaffe-gegen-den-demographischen-Wandel-und-fuer-abgehaengte-Regionen-4780464210a.html]
[www.heise.de/tp/features/Einwanderung-als-Wunderwaffe-gegen-den-demographischen-Wandel-und-fuer-abgehaengte-Regionen-47804644f7d.html]
[www.heise.de/tp/features/Einwanderung-als-Wunderwaffe-gegen-den-demographischen-Wandel-und-fuer-abgehaengte-Regionen-47804649815.html]
[www.heise.de/tp/features/Landlust-und-Landflucht-4603662.html]
[www.heise.de/tp/features/Einwanderung-als-Wunderwaffe-gegen-den-demographischen-Wandel-und-fuer-abgehaengte-Regionen-47804647dbb.html]
[www.heise.de/tp/features/Einwanderung-als-Wunderwaffe-gegen-den-demographischen-Wandel-und-fuer-abgehaengte-Regionen-4780464aa88.html]
[www.heise.de/tp/features/Landlust-und-Landflucht-4603662aa88.html]
[www.heise.de/tp/features/Frankreich-Protest-gegen-Rassismus-und-Ungerechtigkeit-47826984f7d.html]
[www.heise.de/tp/features/Frankreich-Protest-gegen-Rassismus-und-Ungerechtigkeit-4782698.html]
[www.heise.de/tp/features/Frankreich-Protest-gegen-Rassismus-und-Ungerechtigkeit-47826985558.html]
[www.heise.de/tp/features/Frankreich-Protest-gegen-Rassismus-und-Ungerechtigkeit-4782698210a.html]
[www.heise.de/tp/features/Frankreich-Protest-gegen-Rassismus-und-Ungerechtigkeit-47826989815.html]
[www.heise.de/tp/features/Polizeigewalt-Franzoesischer-Innenminister-verbietet-Wuergegriff-4779026.html]
[www.heise.de/tp/features/Frankreich-Protest-gegen-Rassismus-und-Ungerechtigkeit-4782698ffd2.html]
[www.heise.de/tp/features/Frankreich-Protest-gegen-Rassismus-und-Ungerechtigkeit-4782698aa88.html]
[www.heise.de/tp/features/Weiteres-Indiz-gegen-die-Taeterschaft-von-Anis-Amri-4782968.html]
[www.heise.de/tp/features/Frankreich-Protest-gegen-Rassismus-und-Ungerechtigkeit-4782698bde5.html]
[www.heise.de/tp/features/Bandenkrieg-in-Dijon-Alter-Senf-in-der-neuen-Normalitaet-4786715aa88.html]
[www.heise.de/tp/features/Spahn-stellt-den-geplanten-Immunitaetsausweis-zurueck-4714459aa88.html]
[www.heise.de/tp/features/Spahn-stellt-den-geplanten-Immunitaetsausweis-zurueck-4714459.html]
[www.heise.de/tp/features/Studie-belegt-Zweifel-ob-sich-eine-laenger-anhaltende-Immunitaet-nach-einer-Covid-19-Infektion-4789059aa88.html]
[www.heise.de/tp/features/Covid-19-und-Vitamin-D-4787490aa88.html]
[www.heise.de/tp/features/Black-Lives-Matter-Proteste-spuelen-Grossbritanniens-Kolonialgeschichte-hoch-4780484ffd2.html]
[www.heise.de/tp/features/Black-Lives-Matter-Proteste-spuelen-Grossbritanniens-Kolonialgeschichte-hoch-4780484aa88.html]
[www.heise.de/tp/features/Black-Lives-Matter-Proteste-spuelen-Grossbritanniens-Kolonialgeschichte-hoch-4780484.html]
[www.heise.de/tp/features/Wie-man-eine-Statue-mit-Zuhilfenahme-der-Wissenschaft-umstuerzt-4788823aa88.html]
[www.heise.de/tp/features/Wir-werden-auch-die-Corona-Schulden-nicht-zurueckzahlen-4727599.html]
[www.heise.de/tp/features/Und-dann-waren-es-schon-2-4-Billionen-Euro-4771273.html]
[www.heise.de/tp/features/Auch-Billionen-werden-die-schlimmste-Rezession-des-Jahrhunderts-nicht-verhindern-47832925558.html]
[www.heise.de/tp/features/Auch-Billionen-werden-die-schlimmste-Rezession-des-Jahrhunderts-nicht-verhindern-47832929815.html]
[www.heise.de/tp/features/OECD-raeumt-ein-Mit-der-Weltwirtschaft-geht-es-nun-bergab-46736045558.html]
[www.heise.de/tp/features/OECD-raeumt-ein-Mit-der-Weltwirtschaft-geht-es-nun-bergab-46736049815.html]
[www.heise.de/tp/features/Coronavirus-auch-in-Spanien-ausser-Kontrolle-4671765.html]
[www.heise.de/tp/features/Coronavirus-laesst-Sorgen-um-schwaechelnde-Wirtschaft-explodieren-4668166.html]
[www.heise.de/tp/features/Keine-Ueberraschung-fuer-die-Geld-Junkies-von-der-EZB-4250217.html]
[www.heise.de/tp/features/Lagarde-uebernimmt-die-EZB-und-neue-Anleihekaeufe-beginnen-4574138.html]
[www.heise.de/tp/features/Wenn-Trump-China-Waehrungsmanipulation-vorwirft-4490529.html]
[www.heise.de/tp/features/Coronavirus-laesst-Sorgen-um-schwaechelnde-Wirtschaft-explodieren-46681665558.html]
[www.heise.de/tp/features/OECD-raeumt-ein-Mit-der-Weltwirtschaft-geht-es-nun-bergab-4673604aa88.html]
[www.heise.de/tp/features/Gefluegelte-Boten-der-Klimakrise-4785970.html]
[www.heise.de/tp/features/OECD-raeumt-ein-Mit-der-Weltwirtschaft-geht-es-nun-bergab-4673604.html]
[www.heise.de/tp/features/Ganz-Spanien-im-merkwuerdigen-Alarmzustand-4683104.html]
[www.heise.de/tp/features/Kritik-von-Experten-am-spanischen-Krisenstab-Aufloesen-4685765.html]
[www.heise.de/tp/features/Danteske-Szenen-in-Spanien-Alte-Menschen-zum-Sterben-zurueckgelassen-46897069815.html]
[www.heise.de/tp/features/Spanien-nimmt-Italien-den-Corona-Spitzenplatz-ab-4691870.html]
[www.heise.de/tp/features/Coronavirus-Der-kopflose-Westen-4692647.html]
[www.heise.de/tp/features/Tausende-Tote-zu-spaet-reduziert-Spanien-Aktivitaeten-auf-die-Basisversorgung-4692760ffd2.html]
[www.heise.de/tp/features/Tausende-Tote-zu-spaet-reduziert-Spanien-Aktivitaeten-auf-die-Basisversorgung-4692760.html]
[www.heise.de/tp/features/Tausende-Tote-zu-spaet-reduziert-Spanien-Aktivitaeten-auf-die-Basisversorgung-4692760aa88.html]
[www.heise.de/tp/features/Coronavirus-Absturz-der-Oelpreise-und-neuer-Schwarzer-Montag-4678921.html]
[www.heise.de/tp/features/Corona-Krisenmodus-OPEC-Staaten-wollen-massive-Foerderkuerzung-4677177.html]
[www.heise.de/tp/features/Turbo-fuer-die-Notenpresse-bei-einer-planlosen-Europaeischen-Zentralbank-4681884.html]
[www.heise.de/tp/features/FED-laesst-Trump-ohne-Zinssenkung-stehen-4412121.html]
[www.heise.de/tp/features/Coronavirus-laesst-Sorgen-um-schwaechelnde-Wirtschaft-explodieren-46681669815.html]
[www.heise.de/tp/features/Coronavirus-sorgt-fuer-immer-heftigere-Crashs-an-den-Boersen-4684123aa88.html]
[www.heise.de/tp/features/Ein-ideologischer-Hurrikan-ueber-Polen-4785983.html]
[www.heise.de/tp/features/Coronavirus-sorgt-fuer-immer-heftigere-Crashs-an-den-Boersen-4684123.html]
[www.heise.de/tp/features/Selbst-Fox-News-rueckt-von-Trump-ab-4724986.html]
[www.heise.de/tp/features/Covid-19-Der-umstrittene-Infektiologe-Didier-Raoult-46967029815.html]
[www.heise.de/tp/features/Schlechte-Nachrichten-fuer-Trump-Hydroxychloroquin-taugt-nicht-viel-4782683aa88.html]
[www.heise.de/tp/features/Schlechte-Nachrichten-fuer-Trump-Hydroxychloroquin-taugt-nicht-viel-4782683.html]
[www.heise.de/tp/features/Gibt-es-ein-portugiesisches-Wunder-3988243.html]
[www.heise.de/tp/features/Spanien-Streit-ueber-Corona-Krisenbewaeltigung-4713211.html]
[www.heise.de/tp/features/EuGH-Urteil-Katalanischer-Ex-Vizepraesident-sitzt-illegal-im-Gefaengnis-und-nicht-im-Europaparlament-4620062.html]
[www.heise.de/tp/features/Spanien-Lockdown-zu-spaet-umgesetzt-und-zu-frueh-aufgehoben-4701348.html]
[www.heise.de/tp/features/Verfassungsgericht-Demonstrationsrecht-gilt-trotz-Corona-Pandemie-4704019.html]
[www.heise.de/tp/features/Die-Corona-Katastrophe-in-Portugal-ausgefallen-4702934.html]
[www.heise.de/tp/features/Zum-Glueck-bleibt-uns-Portugal-4713545ffd2.html]
[www.heise.de/tp/features/Zum-Glueck-bleibt-uns-Portugal-4713545.html]
[www.heise.de/tp/features/Zum-Glueck-bleibt-uns-Portugal-4713545aa88.html]
[www.heise.de/tp/features/Frankreich-Auf-dem-spanisch-italienischen-Weg-4697335.html]
[www.heise.de/tp/features/Schockierender-Anstieg-von-Corona-Toten-in-Frankreich-4700245.html]
[www.heise.de/tp/features/In-der-Lombardei-gibt-es-viel-mehr-mit-Corona-verbundene-Tote-als-offiziell-gemeldet-4695910.html]
[www.heise.de/tp/features/Dreifache-Zahl-der-Coronavirus-Toten-in-Italien-4710058.html]
[www.heise.de/tp/features/Dreifache-Zahl-der-Coronavirus-Toten-in-Italien-4710058aa88.html]
[www.heise.de/tp/features/Das-ist-keine-Krise-sondern-eine-Katastrophe-4694104.html]
[www.heise.de/tp/features/Madrid-Rechte-will-Erfolge-der-Linksregierung-zurueckdrehen-4459359.html]
[www.heise.de/tp/features/Spanien-Applaus-in-Verbesserungen-im-Gesundheitswesen-verwandeln-4773519.html]
[www.heise.de/tp/features/Mietenstreik-in-Spanien-geht-in-die-naechste-Phase-4727340.html]
[www.heise.de/tp/features/Umgang-mit-Pflegebeduerftigen-in-Madrider-Altenheimen-An-der-Grenze-zur-Euthanasie-4779374aa88.html]
[www.heise.de/tp/features/Umgang-mit-Pflegebeduerftigen-in-Madrider-Altenheimen-An-der-Grenze-zur-Euthanasie-4779374.html]
[www.heise.de/tp/features/US-Coronahilfspaket-Aus-1-2-Billionen-Dollar-wurden-im-Senat-2-4690460.html]
[www.heise.de/tp/features/Covid-19-Nichts-waere-schlimmer-als-den-Sieg-zu-verkuenden-bevor-er-errungen-ist-4693364.html]
[www.heise.de/tp/features/Covid-19-Nichts-waere-schlimmer-als-den-Sieg-zu-verkuenden-bevor-er-errungen-ist-4693364aa88.html]
[www.heise.de/tp/features/Notenbank-will-unbegrenzt-Staatsanleihen-kaufen-3503531.html]
[www.heise.de/tp/features/Auch-Europa-versucht-seine-Banken-zu-retten-3420317.html]
[www.heise.de/tp/features/Die-EZB-verschaerft-den-Krisenmodus-wieder-4523172.html]
[www.heise.de/tp/features/Wenn-die-Europaeische-Zentralbank-freihaendig-jongliert-4687464aa88.html]
[www.heise.de/tp/features/Wenn-die-Europaeische-Zentralbank-freihaendig-jongliert-4687464.html]
[www.heise.de/tp/features/Auch-Billionen-werden-die-schlimmste-Rezession-des-Jahrhunderts-nicht-verhindern-4783292aa88.html]
[www.heise.de/tp/features/ETA-uebernimmt-Verantwortung-fuer-massloses-Leid-4028866.html]
[www.heise.de/tp/features/Zehntausende-gegen-absurde-spanische-Terrordefinition-4024487.html]
[www.heise.de/tp/features/Die-baskische-ETA-ist-nun-Geschichte-4041140ffd2.html]
[www.heise.de/tp/features/Die-baskische-ETA-ist-nun-Geschichte-4041140aa88.html]
[www.heise.de/tp/features/Die-baskische-ETA-ist-nun-Geschichte-4041140.html]
[www.heise.de/tp/features/Luegen-haben-kurze-Beine-auch-in-Spanien-3433765.html]
[www.heise.de/tp/features/Blutiger-Wahlkampf-in-Spanien-3433717.html]
[www.heise.de/tp/features/Spanien-schickt-Aufstandsbekaempfungseinheiten-in-den-Irak-3429393.html]
[www.heise.de/tp/features/Alter-Wein-in-neuen-Schlaeuchen-3424819.html]
[www.heise.de/tp/features/Isolationshaft-ermoeglicht-Menschenrechtsverstoesse-3424907.html]
[www.heise.de/tp/features/Spaniens-Geheimdienste-erneut-im-Fadenkreuz-3433149.html]
[www.heise.de/tp/features/Spanische-Regierung-zeigt-erneut-wo-sie-steht-3431819.html]
